// Jest Snapshot v1, https://goo.gl/fbAQLP

exports[`Atoms/FavoriteButton 正しくレンダリングされている 1`] = `
<button
  aria-label="add FavoriteList"
  className="chakra-button css-1ijdlh6"
  data-testid="remove-favorites-button"
  onClick={[MockFunction]}
  type="button"
>
  <svg
    aria-hidden={true}
    fill="currentColor"
    focusable={false}
    fontSize="1rem"
    height="1em"
    stroke="currentColor"
    strokeWidth="0"
    style={
      Object {
        "color": undefined,
      }
    }
    viewBox="0 0 24 24"
    width="1em"
    xmlns="http://www.w3.org/2000/svg"
  >
    <path
      d="M12 21.35l-1.45-1.32C5.4 15.36 2 12.28 2 8.5 2 5.42 4.42 3 7.5 3c1.74 0 3.41.81 4.5 2.09C13.09 3.81 14.76 3 16.5 3 19.58 3 22 5.42 22 8.5c0 3.78-3.4 6.86-8.55 11.54L12 21.35z"
    />
  </svg>
</button>
`;
